Archive member included to satisfy reference by file (symbol)

c:/program files (x86)/atmel/studio/7.0/toolchain/avr8/avr8-gnu-toolchain/bin/../lib/gcc/avr/5.4.0/avrxmega4\libgcc.a(_exit.o)
                              C:/Program Files (x86)/Atmel/Studio/7.0/Packs/Atmel/AVR-Dx_DFP/1.0.21/gcc/dev/avr128da48/avrxmega4/crtavr128da48.o (exit)
c:/program files (x86)/atmel/studio/7.0/toolchain/avr8/avr8-gnu-toolchain/bin/../lib/gcc/avr/5.4.0/avrxmega4\libgcc.a(_tablejump2.o)
                              src/OLEDC_shapes.o (__tablejump2__)
c:/program files (x86)/atmel/studio/7.0/toolchain/avr8/avr8-gnu-toolchain/bin/../lib/gcc/avr/5.4.0/avrxmega4\libgcc.a(_copy_data.o)
                              examples/src/spi_basic_example.o (__do_copy_data)
c:/program files (x86)/atmel/studio/7.0/toolchain/avr8/avr8-gnu-toolchain/bin/../lib/gcc/avr/5.4.0/avrxmega4\libgcc.a(_clear_bss.o)
                              CLOCK_functions.o (__do_clear_bss)
c:/program files (x86)/atmel/studio/7.0/toolchain/avr8/avr8-gnu-toolchain/bin/../lib/gcc/avr/5.4.0/../../../../avr/lib/avrxmega4\libc.a(strncmp.o)
                              examples/src/spi_basic_example.o (strncmp)
c:/program files (x86)/atmel/studio/7.0/toolchain/avr8/avr8-gnu-toolchain/bin/../lib/gcc/avr/5.4.0/../../../../avr/lib/avrxmega4\libc.a(sprintf.o)
                              OLED_functions.o (sprintf)
c:/program files (x86)/atmel/studio/7.0/toolchain/avr8/avr8-gnu-toolchain/bin/../lib/gcc/avr/5.4.0/../../../../avr/lib/avrxmega4\libc.a(vfprintf_std.o)
                              c:/program files (x86)/atmel/studio/7.0/toolchain/avr8/avr8-gnu-toolchain/bin/../lib/gcc/avr/5.4.0/../../../../avr/lib/avrxmega4\libc.a(sprintf.o) (vfprintf)
c:/program files (x86)/atmel/studio/7.0/toolchain/avr8/avr8-gnu-toolchain/bin/../lib/gcc/avr/5.4.0/../../../../avr/lib/avrxmega4\libc.a(strnlen_P.o)
                              c:/program files (x86)/atmel/studio/7.0/toolchain/avr8/avr8-gnu-toolchain/bin/../lib/gcc/avr/5.4.0/../../../../avr/lib/avrxmega4\libc.a(vfprintf_std.o) (strnlen_P)
c:/program files (x86)/atmel/studio/7.0/toolchain/avr8/avr8-gnu-toolchain/bin/../lib/gcc/avr/5.4.0/../../../../avr/lib/avrxmega4\libc.a(strnlen.o)
                              c:/program files (x86)/atmel/studio/7.0/toolchain/avr8/avr8-gnu-toolchain/bin/../lib/gcc/avr/5.4.0/../../../../avr/lib/avrxmega4\libc.a(vfprintf_std.o) (strnlen)
c:/program files (x86)/atmel/studio/7.0/toolchain/avr8/avr8-gnu-toolchain/bin/../lib/gcc/avr/5.4.0/../../../../avr/lib/avrxmega4\libc.a(fputc.o)
                              c:/program files (x86)/atmel/studio/7.0/toolchain/avr8/avr8-gnu-toolchain/bin/../lib/gcc/avr/5.4.0/../../../../avr/lib/avrxmega4\libc.a(vfprintf_std.o) (fputc)
c:/program files (x86)/atmel/studio/7.0/toolchain/avr8/avr8-gnu-toolchain/bin/../lib/gcc/avr/5.4.0/../../../../avr/lib/avrxmega4\libc.a(ultoa_invert.o)
                              c:/program files (x86)/atmel/studio/7.0/toolchain/avr8/avr8-gnu-toolchain/bin/../lib/gcc/avr/5.4.0/../../../../avr/lib/avrxmega4\libc.a(vfprintf_std.o) (__ultoa_invert)
C:/Program Files (x86)/Atmel/Studio/7.0/Packs/Atmel/AVR-Dx_DFP/1.0.21/gcc/dev/avr128da48/avrxmega4\libavr128da48.a(ccp_write.o)
                              main.o (ccp_write_io)

Allocating common symbols
Common symbol       size              file

background_color    0x2               OLED_functions.o

Discarded input sections

 .data          0x00000000        0x0 C:/Program Files (x86)/Atmel/Studio/7.0/Packs/Atmel/AVR-Dx_DFP/1.0.21/gcc/dev/avr128da48/avrxmega4/crtavr128da48.o
 .bss           0x00000000        0x0 C:/Program Files (x86)/Atmel/Studio/7.0/Packs/Atmel/AVR-Dx_DFP/1.0.21/gcc/dev/avr128da48/avrxmega4/crtavr128da48.o
 .text          0x00000000        0x0 atmel_start.o
 .data          0x00000000        0x0 atmel_start.o
 .bss           0x00000000        0x0 atmel_start.o
 .text          0x00000000        0x0 CLOCK_functions.o
 .data          0x00000000        0x0 CLOCK_functions.o
 .bss           0x00000000        0x0 CLOCK_functions.o
 .text          0x00000000        0x0 driver_isr.o
 .data          0x00000000        0x0 driver_isr.o
 .bss           0x00000000        0x0 driver_isr.o
 .debug_info    0x00000000       0x5d driver_isr.o
 .debug_abbrev  0x00000000       0x26 driver_isr.o
 .debug_aranges
                0x00000000       0x18 driver_isr.o
 .debug_line    0x00000000       0x1a driver_isr.o
 .debug_str     0x00000000      0x1b1 driver_isr.o
 .comment       0x00000000       0x31 driver_isr.o
 .text          0x00000000        0x0 examples/src/click_example.o
 .data          0x00000000        0x0 examples/src/click_example.o
 .bss           0x00000000        0x0 examples/src/click_example.o
 .debug_line    0x00000000        0x0 examples/src/click_example.o
 .debug_str     0x00000000      0x14f examples/src/click_example.o
 .comment       0x00000000       0x31 examples/src/click_example.o
 .text          0x00000000        0x0 examples/src/spi_basic_example.o
 .data          0x00000000        0x0 examples/src/spi_basic_example.o
 .bss           0x00000000        0x0 examples/src/spi_basic_example.o
 .rodata.str1.1
                0x00000000        0x5 examples/src/spi_basic_example.o
 .text.SPI_MASTER_test_spi_basic
                0x00000000       0x38 examples/src/spi_basic_example.o
 .data.buffer   0x00000000       0x10 examples/src/spi_basic_example.o
 .debug_info    0x00000000      0x170 examples/src/spi_basic_example.o
 .debug_abbrev  0x00000000       0xe1 examples/src/spi_basic_example.o
 .debug_aranges
                0x00000000       0x20 examples/src/spi_basic_example.o
 .debug_ranges  0x00000000       0x10 examples/src/spi_basic_example.o
 .debug_line    0x00000000       0xfd examples/src/spi_basic_example.o
 .debug_str     0x00000000      0x247 examples/src/spi_basic_example.o
 .comment       0x00000000       0x31 examples/src/spi_basic_example.o
 .debug_frame   0x00000000       0x24 examples/src/spi_basic_example.o
 .text          0x00000000        0x0 main.o
 .data          0x00000000        0x0 main.o
 .bss           0x00000000        0x0 main.o
 .text          0x00000000        0x0 OLED_functions.o
 .data          0x00000000        0x0 OLED_functions.o
 .bss           0x00000000        0x0 OLED_functions.o
 .text.OLED_setBackground
                0x00000000        0xe OLED_functions.o
 .rodata.OLEDC_COLOR_YELLOWGREEN
                0x00000000        0x2 OLED_functions.o
 .rodata.OLEDC_COLOR_YELLOW
                0x00000000        0x2 OLED_functions.o
 .rodata.OLEDC_COLOR_WHITESMOKE
                0x00000000        0x2 OLED_functions.o
 .rodata.OLEDC_COLOR_WHITE
                0x00000000        0x2 OLED_functions.o
 .rodata.OLEDC_COLOR_WHEAT
                0x00000000        0x2 OLED_functions.o
 .rodata.OLEDC_COLOR_VIOLET
                0x00000000        0x2 OLED_functions.o
 .rodata.OLEDC_COLOR_TURQUOISE
                0x00000000        0x2 OLED_functions.o
 .rodata.OLEDC_COLOR_TOMATO
                0x00000000        0x2 OLED_functions.o
 .rodata.OLEDC_COLOR_THISTLE
                0x00000000        0x2 OLED_functions.o
 .rodata.OLEDC_COLOR_TEAL
                0x00000000        0x2 OLED_functions.o
 .rodata.OLEDC_COLOR_TAN
                0x00000000        0x2 OLED_functions.o
 .rodata.OLEDC_COLOR_STEELBLUE
                0x00000000        0x2 OLED_functions.o
 .rodata.OLEDC_COLOR_SPRINGGREEN
                0x00000000        0x2 OLED_functions.o
 .rodata.OLEDC_COLOR_SNOW
                0x00000000        0x2 OLED_functions.o
 .rodata.OLEDC_COLOR_SLATEGREY
                0x00000000        0x2 OLED_functions.o
 .rodata.OLEDC_COLOR_SLATEGRAY
                0x00000000        0x2 OLED_functions.o
 .rodata.OLEDC_COLOR_SLATEBLUE
                0x00000000        0x2 OLED_functions.o
 .rodata.OLEDC_COLOR_SKYBLUE
                0x00000000        0x2 OLED_functions.o
 .rodata.OLEDC_COLOR_SILVER
                0x00000000        0x2 OLED_functions.o
 .rodata.OLEDC_COLOR_SIENNA
                0x00000000        0x2 OLED_functions.o
 .rodata.OLEDC_COLOR_SEASHELL
                0x00000000        0x2 OLED_functions.o
 .rodata.OLEDC_COLOR_SEAGREEN
                0x00000000        0x2 OLED_functions.o
 .rodata.OLEDC_COLOR_SANDYBROWN
                0x00000000        0x2 OLED_functions.o
 .rodata.OLEDC_COLOR_SALMON
                0x00000000        0x2 OLED_functions.o
 .rodata.OLEDC_COLOR_SADDLEBROWN
                0x00000000        0x2 OLED_functions.o
 .rodata.OLEDC_COLOR_ROYALBLUE
                0x00000000        0x2 OLED_functions.o
 .rodata.OLEDC_COLOR_ROSYBROWN
                0x00000000        0x2 OLED_functions.o
 .rodata.OLEDC_COLOR_RED
                0x00000000        0x2 OLED_functions.o
 .rodata.OLEDC_COLOR_PURPLE
                0x00000000        0x2 OLED_functions.o
 .rodata.OLEDC_COLOR_POWDERBLUE
                0x00000000        0x2 OLED_functions.o
 .rodata.OLEDC_COLOR_PLUM
                0x00000000        0x2 OLED_functions.o
 .rodata.OLEDC_COLOR_PINK
                0x00000000        0x2 OLED_functions.o
 .rodata.OLEDC_COLOR_PERU
                0x00000000        0x2 OLED_functions.o
 .rodata.OLEDC_COLOR_PEACHPUFF
                0x00000000        0x2 OLED_functions.o
 .rodata.OLEDC_COLOR_PAPAYAWHIP
                0x00000000        0x2 OLED_functions.o
 .rodata.OLEDC_COLOR_PALEVIOLETRED
                0x00000000        0x2 OLED_functions.o
 .rodata.OLEDC_COLOR_PALETURQUOISE
                0x00000000        0x2 OLED_functions.o
 .rodata.OLEDC_COLOR_PALEGREEN
                0x00000000        0x2 OLED_functions.o
 .rodata.OLEDC_COLOR_PALEGOLDENROD
                0x00000000        0x2 OLED_functions.o
 .rodata.OLEDC_COLOR_ORCHID
                0x00000000        0x2 OLED_functions.o
 .rodata.OLEDC_COLOR_ORANGERED
                0x00000000        0x2 OLED_functions.o
 .rodata.OLEDC_COLOR_ORANGE
                0x00000000        0x2 OLED_functions.o
 .rodata.OLEDC_COLOR_OLIVEDRAB
                0x00000000        0x2 OLED_functions.o
 .rodata.OLEDC_COLOR_OLIVE
                0x00000000        0x2 OLED_functions.o
 .rodata.OLEDC_COLOR_OLDLACE
                0x00000000        0x2 OLED_functions.o
 .rodata.OLEDC_COLOR_NAVY
                0x00000000        0x2 OLED_functions.o
 .rodata.OLEDC_COLOR_NAVAJOWHITE
                0x00000000        0x2 OLED_functions.o
 .rodata.OLEDC_COLOR_MOCCASIN
                0x00000000        0x2 OLED_functions.o
 .rodata.OLEDC_COLOR_MISTYROSE
                0x00000000        0x2 OLED_functions.o
 .rodata.OLEDC_COLOR_MINTCREAM
                0x00000000        0x2 OLED_functions.o
 .rodata.OLEDC_COLOR_MIDNIGHTBLUE
                0x00000000        0x2 OLED_functions.o
 .rodata.OLEDC_COLOR_MEDIUMVIOLETRED
                0x00000000        0x2 OLED_functions.o
 .rodata.OLEDC_COLOR_MEDIUMTURQUOISE
                0x00000000        0x2 OLED_functions.o
 .rodata.OLEDC_COLOR_MEDIUMSPRINGGREEN
                0x00000000        0x2 OLED_functions.o
 .rodata.OLEDC_COLOR_MEDIUMSLATEBLUE
                0x00000000        0x2 OLED_functions.o
 .rodata.OLEDC_COLOR_MEDIUMSEAGREEN
                0x00000000        0x2 OLED_functions.o
 .rodata.OLEDC_COLOR_MEDIUMPURPLE
                0x00000000        0x2 OLED_functions.o
 .rodata.OLEDC_COLOR_MEDIUMORCHID
                0x00000000        0x2 OLED_functions.o
 .rodata.OLEDC_COLOR_MEDIUMBLUE
                0x00000000        0x2 OLED_functions.o
 .rodata.OLEDC_COLOR_MEDIUMAQUAMARINE
                0x00000000        0x2 OLED_functions.o
 .rodata.OLEDC_COLOR_MAROON
                0x00000000        0x2 OLED_functions.o
 .rodata.OLEDC_COLOR_MAGENTA
                0x00000000        0x2 OLED_functions.o
 .rodata.OLEDC_COLOR_LINEN
                0x00000000        0x2 OLED_functions.o
 .rodata.OLEDC_COLOR_LIMEGREEN
                0x00000000        0x2 OLED_functions.o
 .rodata.OLEDC_COLOR_LIME
                0x00000000        0x2 OLED_functions.o
 .rodata.OLEDC_COLOR_LIGHTYELLOW
                0x00000000        0x2 OLED_functions.o
 .rodata.OLEDC_COLOR_LIGHTSTEELBLUE
                0x00000000        0x2 OLED_functions.o
 .rodata.OLEDC_COLOR_LIGHTSLATEGREY
                0x00000000        0x2 OLED_functions.o
 .rodata.OLEDC_COLOR_LIGHTSLATEGRAY
                0x00000000        0x2 OLED_functions.o
 .rodata.OLEDC_COLOR_LIGHTSKYBLUE
                0x00000000        0x2 OLED_functions.o
 .rodata.OLEDC_COLOR_LIGHTSEAGREEN
                0x00000000        0x2 OLED_functions.o
 .rodata.OLEDC_COLOR_LIGHTSALMON
                0x00000000        0x2 OLED_functions.o
 .rodata.OLEDC_COLOR_LIGHTPINK
                0x00000000        0x2 OLED_functions.o
 .rodata.OLEDC_COLOR_LIGHTGREY
                0x00000000        0x2 OLED_functions.o
 .rodata.OLEDC_COLOR_LIGHTGREEN
                0x00000000        0x2 OLED_functions.o
 .rodata.OLEDC_COLOR_LIGHTGRAY
                0x00000000        0x2 OLED_functions.o
 .rodata.OLEDC_COLOR_LIGHTGOLDENRODYELLOW
                0x00000000        0x2 OLED_functions.o
 .rodata.OLEDC_COLOR_LIGHTCYAN
                0x00000000        0x2 OLED_functions.o
 .rodata.OLEDC_COLOR_LIGHTCORAL
                0x00000000        0x2 OLED_functions.o
 .rodata.OLEDC_COLOR_LIGHTBLUE
                0x00000000        0x2 OLED_functions.o
 .rodata.OLEDC_COLOR_LEMONCHIFFON
                0x00000000        0x2 OLED_functions.o
 .rodata.OLEDC_COLOR_LAWNGREEN
                0x00000000        0x2 OLED_functions.o
 .rodata.OLEDC_COLOR_LAVENDERBLUSH
                0x00000000        0x2 OLED_functions.o
 .rodata.OLEDC_COLOR_LAVENDER
                0x00000000        0x2 OLED_functions.o
 .rodata.OLEDC_COLOR_KHAKI
                0x00000000        0x2 OLED_functions.o
 .rodata.OLEDC_COLOR_IVORY
                0x00000000        0x2 OLED_functions.o
 .rodata.OLEDC_COLOR_INDIGO
                0x00000000        0x2 OLED_functions.o
 .rodata.OLEDC_COLOR_INDIANRED
                0x00000000        0x2 OLED_functions.o
 .rodata.OLEDC_COLOR_HOTPINK
                0x00000000        0x2 OLED_functions.o
 .rodata.OLEDC_COLOR_HONEYDEW
                0x00000000        0x2 OLED_functions.o
 .rodata.OLEDC_COLOR_GREY
                0x00000000        0x2 OLED_functions.o
 .rodata.OLEDC_COLOR_GREENYELLOW
                0x00000000        0x2 OLED_functions.o
 .rodata.OLEDC_COLOR_GREEN
                0x00000000        0x2 OLED_functions.o
 .rodata.OLEDC_COLOR_GRAY
                0x00000000        0x2 OLED_functions.o
 .rodata.OLEDC_COLOR_GOLDENROD
                0x00000000        0x2 OLED_functions.o
 .rodata.OLEDC_COLOR_GOLD
                0x00000000        0x2 OLED_functions.o
 .rodata.OLEDC_COLOR_GHOSTWHITE
                0x00000000        0x2 OLED_functions.o
 .rodata.OLEDC_COLOR_GAINSBORO
                0x00000000        0x2 OLED_functions.o
 .rodata.OLEDC_COLOR_FUCHSIA
                0x00000000        0x2 OLED_functions.o
 .rodata.OLEDC_COLOR_FORESTGREEN
                0x00000000        0x2 OLED_functions.o
 .rodata.OLEDC_COLOR_FLORALWHITE
                0x00000000        0x2 OLED_functions.o
 .rodata.OLEDC_COLOR_FIREBRICK
                0x00000000        0x2 OLED_functions.o
 .rodata.OLEDC_COLOR_DODGERBLUE
                0x00000000        0x2 OLED_functions.o
 .rodata.OLEDC_COLOR_DIMGREY
                0x00000000        0x2 OLED_functions.o
 .rodata.OLEDC_COLOR_DIMGRAY
                0x00000000        0x2 OLED_functions.o
 .rodata.OLEDC_COLOR_DEEPSKYBLUE
                0x00000000        0x2 OLED_functions.o
 .rodata.OLEDC_COLOR_DEEPPINK
                0x00000000        0x2 OLED_functions.o
 .rodata.OLEDC_COLOR_DARKVIOLET
                0x00000000        0x2 OLED_functions.o
 .rodata.OLEDC_COLOR_DARKTURQUOISE
                0x00000000        0x2 OLED_functions.o
 .rodata.OLEDC_COLOR_DARKSLATEGREY
                0x00000000        0x2 OLED_functions.o
 .rodata.OLEDC_COLOR_DARKSLATEGRAY
                0x00000000        0x2 OLED_functions.o
 .rodata.OLEDC_COLOR_DARKSLATEBLUE
                0x00000000        0x2 OLED_functions.o
 .rodata.OLEDC_COLOR_DARKSEAGREEN
                0x00000000        0x2 OLED_functions.o
 .rodata.OLEDC_COLOR_DARKSALMON
                0x00000000        0x2 OLED_functions.o
 .rodata.OLEDC_COLOR_DARKRED
                0x00000000        0x2 OLED_functions.o
 .rodata.OLEDC_COLOR_DARKORCHID
                0x00000000        0x2 OLED_functions.o
 .rodata.OLEDC_COLOR_DARKORANGE
                0x00000000        0x2 OLED_functions.o
 .rodata.OLEDC_COLOR_DARKOLIVEGREEN
                0x00000000        0x2 OLED_functions.o
 .rodata.OLEDC_COLOR_DARKMAGENTA
                0x00000000        0x2 OLED_functions.o
 .rodata.OLEDC_COLOR_DARKKHAKI
                0x00000000        0x2 OLED_functions.o
 .rodata.OLEDC_COLOR_DARKGREY
                0x00000000        0x2 OLED_functions.o
 .rodata.OLEDC_COLOR_DARKGREEN
                0x00000000        0x2 OLED_functions.o
 .rodata.OLEDC_COLOR_DARKGRAY
                0x00000000        0x2 OLED_functions.o
 .rodata.OLEDC_COLOR_DARKGOLDENROD
                0x00000000        0x2 OLED_functions.o
 .rodata.OLEDC_COLOR_DARKCYAN
                0x00000000        0x2 OLED_functions.o
 .rodata.OLEDC_COLOR_DARKBLUE
                0x00000000        0x2 OLED_functions.o
 .rodata.OLEDC_COLOR_CYAN
                0x00000000        0x2 OLED_functions.o
 .rodata.OLEDC_COLOR_CRIMSON
                0x00000000        0x2 OLED_functions.o
 .rodata.OLEDC_COLOR_CORNSILK
                0x00000000        0x2 OLED_functions.o
 .rodata.OLEDC_COLOR_CORNFLOWERBLUE
                0x00000000        0x2 OLED_functions.o
 .rodata.OLEDC_COLOR_CORAL
                0x00000000        0x2 OLED_functions.o
 .rodata.OLEDC_COLOR_CHOCOLATE
                0x00000000        0x2 OLED_functions.o
 .rodata.OLEDC_COLOR_CHARTREUSE
                0x00000000        0x2 OLED_functions.o
 .rodata.OLEDC_COLOR_CADETBLUE
                0x00000000        0x2 OLED_functions.o
 .rodata.OLEDC_COLOR_BURLYWOOD
                0x00000000        0x2 OLED_functions.o
 .rodata.OLEDC_COLOR_BROWN
                0x00000000        0x2 OLED_functions.o
 .rodata.OLEDC_COLOR_BLUEVIOLET
                0x00000000        0x2 OLED_functions.o
 .rodata.OLEDC_COLOR_BLUE
                0x00000000        0x2 OLED_functions.o
 .rodata.OLEDC_COLOR_BLANCHEDALMOND
                0x00000000        0x2 OLED_functions.o
 .rodata.OLEDC_COLOR_BLACK
                0x00000000        0x2 OLED_functions.o
 .rodata.OLEDC_COLOR_BISQUE
                0x00000000        0x2 OLED_functions.o
 .rodata.OLEDC_COLOR_BEIGE
                0x00000000        0x2 OLED_functions.o
 .rodata.OLEDC_COLOR_AZURE
                0x00000000        0x2 OLED_functions.o
 .rodata.OLEDC_COLOR_AQUAMARINE
                0x00000000        0x2 OLED_functions.o
 .rodata.OLEDC_COLOR_AQUA
                0x00000000        0x2 OLED_functions.o
 .rodata.OLEDC_COLOR_ANTIQUEWHITE
                0x00000000        0x2 OLED_functions.o
 .rodata.OLEDC_COLOR_ALICEBLUE
                0x00000000        0x2 OLED_functions.o
 .text          0x00000000        0x0 src/bod.o
 .data          0x00000000        0x0 src/bod.o
 .bss           0x00000000        0x0 src/bod.o
 .text          0x00000000        0x0 src/clkctrl.o
 .data          0x00000000        0x0 src/clkctrl.o
 .bss           0x00000000        0x0 src/clkctrl.o
 .text          0x00000000        0x0 src/cpuint.o
 .data          0x00000000        0x0 src/cpuint.o
 .bss           0x00000000        0x0 src/cpuint.o
 .text          0x00000000        0x0 src/driver_init.o
 .data          0x00000000        0x0 src/driver_init.o
 .bss           0x00000000        0x0 src/driver_init.o
 .text          0x00000000        0x0 src/OLEDC_Click.o
 .data          0x00000000        0x0 src/OLEDC_Click.o
 .bss           0x00000000        0x0 src/OLEDC_Click.o
 .text.oledC_parseIntToRGB
                0x00000000       0x2a src/OLEDC_Click.o
 .text.oledC_parseRGBToInt
                0x00000000       0x28 src/OLEDC_Click.o
 .text.oledC_startReadingDisplay
                0x00000000       0x12 src/OLEDC_Click.o
 .text.oledC_readColor
                0x00000000       0x24 src/OLEDC_Click.o
 .text.oledC_stopWritingDisplay
                0x00000000        0xa src/OLEDC_Click.o
 .text.oledC_stopReadingDisplay
                0x00000000        0x6 src/OLEDC_Click.o
 .text.oledC_sendColor
                0x00000000        0xa src/OLEDC_Click.o
 .text          0x00000000        0x0 src/OLEDC_shapeHandler.o
 .data          0x00000000        0x0 src/OLEDC_shapeHandler.o
 .bss           0x00000000        0x0 src/OLEDC_shapeHandler.o
 .text.dummyshape
                0x00000000        0x2 src/OLEDC_shapeHandler.o
 .text.initShapesMem
                0x00000000       0x1c src/OLEDC_shapeHandler.o
 .text.oledC_removeShape
                0x00000000       0x40 src/OLEDC_shapeHandler.o
 .text.oledC_getShape
                0x00000000       0x14 src/OLEDC_shapeHandler.o
 .text.oledC_addShape
                0x00000000       0x6c src/OLEDC_shapeHandler.o
 .text.oledC_redrawIndex
                0x00000000       0x1a src/OLEDC_shapeHandler.o
 .text.oledC_redrawSome
                0x00000000       0x46 src/OLEDC_shapeHandler.o
 .text.oledC_redrawTo
                0x00000000        0xa src/OLEDC_shapeHandler.o
 .text.oledC_redrawFrom
                0x00000000        0x8 src/OLEDC_shapeHandler.o
 .text.oledC_eraseShape
                0x00000000       0x38 src/OLEDC_shapeHandler.o
 .text.oledC_eraseAll
                0x00000000       0x38 src/OLEDC_shapeHandler.o
 .text.oledC_redrawAll
                0x00000000        0xa src/OLEDC_shapeHandler.o
 .bss.allParsedShapes
                0x00000000      0x1a0 src/OLEDC_shapeHandler.o
 .debug_info    0x00000000      0x7b2 src/OLEDC_shapeHandler.o
 .debug_abbrev  0x00000000      0x221 src/OLEDC_shapeHandler.o
 .debug_loc     0x00000000      0x3ce src/OLEDC_shapeHandler.o
 .debug_aranges
                0x00000000       0x78 src/OLEDC_shapeHandler.o
 .debug_ranges  0x00000000       0x68 src/OLEDC_shapeHandler.o
 .debug_line    0x00000000      0x29a src/OLEDC_shapeHandler.o
 .debug_str     0x00000000      0x45a src/OLEDC_shapeHandler.o
 .comment       0x00000000       0x31 src/OLEDC_shapeHandler.o
 .debug_frame   0x00000000      0x124 src/OLEDC_shapeHandler.o
 .text          0x00000000        0x0 src/OLEDC_shapes.o
 .data          0x00000000        0x0 src/OLEDC_shapes.o
 .bss           0x00000000        0x0 src/OLEDC_shapes.o
 .text.oledC_createShape
                0x00000000       0xfa src/OLEDC_shapes.o
 .progmem.gcc_sw_table.oledC_createShape
                0x00000000       0x10 src/OLEDC_shapes.o
 .text.oledC_DrawPoint
                0x00000000       0x2e src/OLEDC_shapes.o
 .text.drawPoint
                0x00000000       0x10 src/OLEDC_shapes.o
 .text.oledC_DrawThickPoint
                0x00000000      0x1c4 src/OLEDC_shapes.o
 .text.oledC_DrawCircle
                0x00000000      0x136 src/OLEDC_shapes.o
 .text.drawCircle
                0x00000000       0x12 src/OLEDC_shapes.o
 .text.oledC_DrawRing
                0x00000000      0x114 src/OLEDC_shapes.o
 .text.drawRing
                0x00000000       0x1c src/OLEDC_shapes.o
 .text.oledC_DrawLine
                0x00000000       0x98 src/OLEDC_shapes.o
 .text.drawLine
                0x00000000       0x22 src/OLEDC_shapes.o
 .text.drawRectangle
                0x00000000       0x1c src/OLEDC_shapes.o
 .text.drawCharacter
                0x00000000       0x22 src/OLEDC_shapes.o
 .text.drawString
                0x00000000       0x28 src/OLEDC_shapes.o
 .text.oledC_DrawBitmap
                0x00000000       0xe4 src/OLEDC_shapes.o
 .text.drawBitmap
                0x00000000       0x2a src/OLEDC_shapes.o
 .text          0x00000000        0x0 src/protected_io.o
 .data          0x00000000        0x0 src/protected_io.o
 .bss           0x00000000        0x0 src/protected_io.o
 .text.protected_write_io
                0x00000000        0xa src/protected_io.o
 .debug_line    0x00000000       0x5b src/protected_io.o
 .debug_info    0x00000000       0xbb src/protected_io.o
 .debug_abbrev  0x00000000       0x14 src/protected_io.o
 .debug_aranges
                0x00000000       0x20 src/protected_io.o
 .text          0x00000000        0x0 src/slpctrl.o
 .data          0x00000000        0x0 src/slpctrl.o
 .bss           0x00000000        0x0 src/slpctrl.o
 .text.SLPCTRL_set_sleep_mode
                0x00000000       0x10 src/slpctrl.o
 .text          0x00000000        0x0 src/spi_basic.o
 .data          0x00000000        0x0 src/spi_basic.o
 .bss           0x00000000        0x0 src/spi_basic.o
 .text.SPI_MASTER_enable
                0x00000000        0xc src/spi_basic.o
 .text.SPI_MASTER_disable
                0x00000000        0xc src/spi_basic.o
 .text.SPI_MASTER_exchange_block
                0x00000000       0x22 src/spi_basic.o
 .text.SPI_MASTER_read_block
                0x00000000       0x20 src/spi_basic.o
 .text          0x00000000        0x0 c:/program files (x86)/atmel/studio/7.0/toolchain/avr8/avr8-gnu-toolchain/bin/../lib/gcc/avr/5.4.0/avrxmega4\libgcc.a(_exit.o)
 .data          0x00000000        0x0 c:/program files (x86)/atmel/studio/7.0/toolchain/avr8/avr8-gnu-toolchain/bin/../lib/gcc/avr/5.4.0/avrxmega4\libgcc.a(_exit.o)
 .bss           0x00000000        0x0 c:/program files (x86)/atmel/studio/7.0/toolchain/avr8/avr8-gnu-toolchain/bin/../lib/gcc/avr/5.4.0/avrxmega4\libgcc.a(_exit.o)
 .text.libgcc.mul
                0x00000000        0x0 c:/program files (x86)/atmel/studio/7.0/toolchain/avr8/avr8-gnu-toolchain/bin/../lib/gcc/avr/5.4.0/avrxmega4\libgcc.a(_exit.o)
 .text.libgcc.div
                0x00000000        0x0 c:/program files (x86)/atmel/studio/7.0/toolchain/avr8/avr8-gnu-toolchain/bin/../lib/gcc/avr/5.4.0/avrxmega4\libgcc.a(_exit.o)
 .text.libgcc   0x00000000        0x0 c:/program files (x86)/atmel/studio/7.0/toolchain/avr8/avr8-gnu-toolchain/bin/../lib/gcc/avr/5.4.0/avrxmega4\libgcc.a(_exit.o)
 .text.libgcc.prologue
                0x00000000        0x0 c:/program files (x86)/atmel/studio/7.0/toolchain/avr8/avr8-gnu-toolchain/bin/../lib/gcc/avr/5.4.0/avrxmega4\libgcc.a(_exit.o)
 .text.libgcc.builtins
                0x00000000        0x0 c:/program files (x86)/atmel/studio/7.0/toolchain/avr8/avr8-gnu-toolchain/bin/../lib/gcc/avr/5.4.0/avrxmega4\libgcc.a(_exit.o)
 .text.libgcc.fmul
                0x00000000        0x0 c:/program files (x86)/atmel/studio/7.0/toolchain/avr8/avr8-gnu-toolchain/bin/../lib/gcc/avr/5.4.0/avrxmega4\libgcc.a(_exit.o)
 .text.libgcc.fixed
                0x00000000        0x0 c:/program files (x86)/atmel/studio/7.0/toolchain/avr8/avr8-gnu-toolchain/bin/../lib/gcc/avr/5.4.0/avrxmega4\libgcc.a(_exit.o)
 .text          0x00000000        0x0 c:/program files (x86)/atmel/studio/7.0/toolchain/avr8/avr8-gnu-toolchain/bin/../lib/gcc/avr/5.4.0/avrxmega4\libgcc.a(_tablejump2.o)
 .data          0x00000000        0x0 c:/program files (x86)/atmel/studio/7.0/toolchain/avr8/avr8-gnu-toolchain/bin/../lib/gcc/avr/5.4.0/avrxmega4\libgcc.a(_tablejump2.o)
 .bss           0x00000000        0x0 c:/program files (x86)/atmel/studio/7.0/toolchain/avr8/avr8-gnu-toolchain/bin/../lib/gcc/avr/5.4.0/avrxmega4\libgcc.a(_tablejump2.o)
 .text.libgcc.mul
                0x00000000        0x0 c:/program files (x86)/atmel/studio/7.0/toolchain/avr8/avr8-gnu-toolchain/bin/../lib/gcc/avr/5.4.0/avrxmega4\libgcc.a(_tablejump2.o)
 .text.libgcc.div
                0x00000000        0x0 c:/program files (x86)/atmel/studio/7.0/toolchain/avr8/avr8-gnu-toolchain/bin/../lib/gcc/avr/5.4.0/avrxmega4\libgcc.a(_tablejump2.o)
 .text.libgcc   0x00000000       0x12 c:/program files (x86)/atmel/studio/7.0/toolchain/avr8/avr8-gnu-toolchain/bin/../lib/gcc/avr/5.4.0/avrxmega4\libgcc.a(_tablejump2.o)
 .text.libgcc.prologue
                0x00000000        0x0 c:/program files (x86)/atmel/studio/7.0/toolchain/avr8/avr8-gnu-toolchain/bin/../lib/gcc/avr/5.4.0/avrxmega4\libgcc.a(_tablejump2.o)
 .text.libgcc.builtins
                0x00000000        0x0 c:/program files (x86)/atmel/studio/7.0/toolchain/avr8/avr8-gnu-toolchain/bin/../lib/gcc/avr/5.4.0/avrxmega4\libgcc.a(_tablejump2.o)
 .text.libgcc.fmul
                0x00000000        0x0 c:/program files (x86)/atmel/studio/7.0/toolchain/avr8/avr8-gnu-toolchain/bin/../lib/gcc/avr/5.4.0/avrxmega4\libgcc.a(_tablejump2.o)
 .text.libgcc.fixed
                0x00000000        0x0 c:/program files (x86)/atmel/studio/7.0/toolchain/avr8/avr8-gnu-toolchain/bin/../lib/gcc/avr/5.4.0/avrxmega4\libgcc.a(_tablejump2.o)
 .text          0x00000000        0x0 c:/program files (x86)/atmel/studio/7.0/toolchain/avr8/avr8-gnu-toolchain/bin/../lib/gcc/avr/5.4.0/avrxmega4\libgcc.a(_copy_data.o)
 .data          0x00000000        0x0 c:/program files (x86)/atmel/studio/7.0/toolchain/avr8/avr8-gnu-toolchain/bin/../lib/gcc/avr/5.4.0/avrxmega4\libgcc.a(_copy_data.o)
 .bss           0x00000000        0x0 c:/program files (x86)/atmel/studio/7.0/toolchain/avr8/avr8-gnu-toolchain/bin/../lib/gcc/avr/5.4.0/avrxmega4\libgcc.a(_copy_data.o)
 .text.libgcc.mul
                0x00000000        0x0 c:/program files (x86)/atmel/studio/7.0/toolchain/avr8/avr8-gnu-toolchain/bin/../lib/gcc/avr/5.4.0/avrxmega4\libgcc.a(_copy_data.o)
 .text.libgcc.div
                0x00000000        0x0 c:/program files (x86)/atmel/studio/7.0/toolchain/avr8/avr8-gnu-toolchain/bin/../lib/gcc/avr/5.4.0/avrxmega4\libgcc.a(_copy_data.o)
 .text.libgcc   0x00000000        0x0 c:/program files (x86)/atmel/studio/7.0/toolchain/avr8/avr8-gnu-toolchain/bin/../lib/gcc/avr/5.4.0/avrxmega4\libgcc.a(_copy_data.o)
 .text.libgcc.prologue
                0x00000000        0x0 c:/program files (x86)/atmel/studio/7.0/toolchain/avr8/avr8-gnu-toolchain/bin/../lib/gcc/avr/5.4.0/avrxmega4\libgcc.a(_copy_data.o)
 .text.libgcc.builtins
                0x00000000        0x0 c:/program files (x86)/atmel/studio/7.0/toolchain/avr8/avr8-gnu-toolchain/bin/../lib/gcc/avr/5.4.0/avrxmega4\libgcc.a(_copy_data.o)
 .text.libgcc.fmul
                0x00000000        0x0 c:/program files (x86)/atmel/studio/7.0/toolchain/avr8/avr8-gnu-toolchain/bin/../lib/gcc/avr/5.4.0/avrxmega4\libgcc.a(_copy_data.o)
 .text.libgcc.fixed
                0x00000000        0x0 c:/program files (x86)/atmel/studio/7.0/toolchain/avr8/avr8-gnu-toolchain/bin/../lib/gcc/avr/5.4.0/avrxmega4\libgcc.a(_copy_data.o)
 .text          0x00000000        0x0 c:/program files (x86)/atmel/studio/7.0/toolchain/avr8/avr8-gnu-toolchain/bin/../lib/gcc/avr/5.4.0/avrxmega4\libgcc.a(_clear_bss.o)
 .data          0x00000000        0x0 c:/program files (x86)/atmel/studio/7.0/toolchain/avr8/avr8-gnu-toolchain/bin/../lib/gcc/avr/5.4.0/avrxmega4\libgcc.a(_clear_bss.o)
 .bss           0x00000000        0x0 c:/program files (x86)/atmel/studio/7.0/toolchain/avr8/avr8-gnu-toolchain/bin/../lib/gcc/avr/5.4.0/avrxmega4\libgcc.a(_clear_bss.o)
 .text.libgcc.mul
                0x00000000        0x0 c:/program files (x86)/atmel/studio/7.0/toolchain/avr8/avr8-gnu-toolchain/bin/../lib/gcc/avr/5.4.0/avrxmega4\libgcc.a(_clear_bss.o)
 .text.libgcc.div
                0x00000000        0x0 c:/program files (x86)/atmel/studio/7.0/toolchain/avr8/avr8-gnu-toolchain/bin/../lib/gcc/avr/5.4.0/avrxmega4\libgcc.a(_clear_bss.o)
 .text.libgcc   0x00000000        0x0 c:/program files (x86)/atmel/studio/7.0/toolchain/avr8/avr8-gnu-toolchain/bin/../lib/gcc/avr/5.4.0/avrxmega4\libgcc.a(_clear_bss.o)
 .text.libgcc.prologue
                0x00000000        0x0 c:/program files (x86)/atmel/studio/7.0/toolchain/avr8/avr8-gnu-toolchain/bin/../lib/gcc/avr/5.4.0/avrxmega4\libgcc.a(_clear_bss.o)
 .text.libgcc.builtins
                0x00000000        0x0 c:/program files (x86)/atmel/studio/7.0/toolchain/avr8/avr8-gnu-toolchain/bin/../lib/gcc/avr/5.4.0/avrxmega4\libgcc.a(_clear_bss.o)
 .text.libgcc.fmul
                0x00000000        0x0 c:/program files (x86)/atmel/studio/7.0/toolchain/avr8/avr8-gnu-toolchain/bin/../lib/gcc/avr/5.4.0/avrxmega4\libgcc.a(_clear_bss.o)
 .text.libgcc.fixed
                0x00000000        0x0 c:/program files (x86)/atmel/studio/7.0/toolchain/avr8/avr8-gnu-toolchain/bin/../lib/gcc/avr/5.4.0/avrxmega4\libgcc.a(_clear_bss.o)
 .text          0x00000000        0x0 c:/program files (x86)/atmel/studio/7.0/toolchain/avr8/avr8-gnu-toolchain/bin/../lib/gcc/avr/5.4.0/../../../../avr/lib/avrxmega4\libc.a(strncmp.o)
 .data          0x00000000        0x0 c:/program files (x86)/atmel/studio/7.0/toolchain/avr8/avr8-gnu-toolchain/bin/../lib/gcc/avr/5.4.0/../../../../avr/lib/avrxmega4\libc.a(strncmp.o)
 .bss           0x00000000        0x0 c:/program files (x86)/atmel/studio/7.0/toolchain/avr8/avr8-gnu-toolchain/bin/../lib/gcc/avr/5.4.0/../../../../avr/lib/avrxmega4\libc.a(strncmp.o)
 .text.avr-libc
                0x00000000       0x1c c:/program files (x86)/atmel/studio/7.0/toolchain/avr8/avr8-gnu-toolchain/bin/../lib/gcc/avr/5.4.0/../../../../avr/lib/avrxmega4\libc.a(strncmp.o)
 .text          0x00000000        0x0 c:/program files (x86)/atmel/studio/7.0/toolchain/avr8/avr8-gnu-toolchain/bin/../lib/gcc/avr/5.4.0/../../../../avr/lib/avrxmega4\libc.a(sprintf.o)
 .data          0x00000000        0x0 c:/program files (x86)/atmel/studio/7.0/toolchain/avr8/avr8-gnu-toolchain/bin/../lib/gcc/avr/5.4.0/../../../../avr/lib/avrxmega4\libc.a(sprintf.o)
 .bss           0x00000000        0x0 c:/program files (x86)/atmel/studio/7.0/toolchain/avr8/avr8-gnu-toolchain/bin/../lib/gcc/avr/5.4.0/../../../../avr/lib/avrxmega4\libc.a(sprintf.o)
 .text          0x00000000        0x0 c:/program files (x86)/atmel/studio/7.0/toolchain/avr8/avr8-gnu-toolchain/bin/../lib/gcc/avr/5.4.0/../../../../avr/lib/avrxmega4\libc.a(vfprintf_std.o)
 .data          0x00000000        0x0 c:/program files (x86)/atmel/studio/7.0/toolchain/avr8/avr8-gnu-toolchain/bin/../lib/gcc/avr/5.4.0/../../../../avr/lib/avrxmega4\libc.a(vfprintf_std.o)
 .bss           0x00000000        0x0 c:/program files (x86)/atmel/studio/7.0/toolchain/avr8/avr8-gnu-toolchain/bin/../lib/gcc/avr/5.4.0/../../../../avr/lib/avrxmega4\libc.a(vfprintf_std.o)
 .text          0x00000000        0x0 c:/program files (x86)/atmel/studio/7.0/toolchain/avr8/avr8-gnu-toolchain/bin/../lib/gcc/avr/5.4.0/../../../../avr/lib/avrxmega4\libc.a(strnlen_P.o)
 .data          0x00000000        0x0 c:/program files (x86)/atmel/studio/7.0/toolchain/avr8/avr8-gnu-toolchain/bin/../lib/gcc/avr/5.4.0/../../../../avr/lib/avrxmega4\libc.a(strnlen_P.o)
 .bss           0x00000000        0x0 c:/program files (x86)/atmel/studio/7.0/toolchain/avr8/avr8-gnu-toolchain/bin/../lib/gcc/avr/5.4.0/../../../../avr/lib/avrxmega4\libc.a(strnlen_P.o)
 .text          0x00000000        0x0 c:/program files (x86)/atmel/studio/7.0/toolchain/avr8/avr8-gnu-toolchain/bin/../lib/gcc/avr/5.4.0/../../../../avr/lib/avrxmega4\libc.a(strnlen.o)
 .data          0x00000000        0x0 c:/program files (x86)/atmel/studio/7.0/toolchain/avr8/avr8-gnu-toolchain/bin/../lib/gcc/avr/5.4.0/../../../../avr/lib/avrxmega4\libc.a(strnlen.o)
 .bss           0x00000000        0x0 c:/program files (x86)/atmel/studio/7.0/toolchain/avr8/avr8-gnu-toolchain/bin/../lib/gcc/avr/5.4.0/../../../../avr/lib/avrxmega4\libc.a(strnlen.o)
 .text          0x00000000        0x0 c:/program files (x86)/atmel/studio/7.0/toolchain/avr8/avr8-gnu-toolchain/bin/../lib/gcc/avr/5.4.0/../../../../avr/lib/avrxmega4\libc.a(fputc.o)
 .data          0x00000000        0x0 c:/program files (x86)/atmel/studio/7.0/toolchain/avr8/avr8-gnu-toolchain/bin/../lib/gcc/avr/5.4.0/../../../../avr/lib/avrxmega4\libc.a(fputc.o)
 .bss           0x00000000        0x0 c:/program files (x86)/atmel/studio/7.0/toolchain/avr8/avr8-gnu-toolchain/bin/../lib/gcc/avr/5.4.0/../../../../avr/lib/avrxmega4\libc.a(fputc.o)
 .text          0x00000000        0x0 c:/program files (x86)/atmel/studio/7.0/toolchain/avr8/avr8-gnu-toolchain/bin/../lib/gcc/avr/5.4.0/../../../../avr/lib/avrxmega4\libc.a(ultoa_invert.o)
 .data          0x00000000        0x0 c:/program files (x86)/atmel/studio/7.0/toolchain/avr8/avr8-gnu-toolchain/bin/../lib/gcc/avr/5.4.0/../../../../avr/lib/avrxmega4\libc.a(ultoa_invert.o)
 .bss           0x00000000        0x0 c:/program files (x86)/atmel/studio/7.0/toolchain/avr8/avr8-gnu-toolchain/bin/../lib/gcc/avr/5.4.0/../../../../avr/lib/avrxmega4\libc.a(ultoa_invert.o)
 .text          0x00000000        0x0 C:/Program Files (x86)/Atmel/Studio/7.0/Packs/Atmel/AVR-Dx_DFP/1.0.21/gcc/dev/avr128da48/avrxmega4\libavr128da48.a(ccp_write.o)
 .data          0x00000000        0x0 C:/Program Files (x86)/Atmel/Studio/7.0/Packs/Atmel/AVR-Dx_DFP/1.0.21/gcc/dev/avr128da48/avrxmega4\libavr128da48.a(ccp_write.o)
 .bss           0x00000000        0x0 C:/Program Files (x86)/Atmel/Studio/7.0/Packs/Atmel/AVR-Dx_DFP/1.0.21/gcc/dev/avr128da48/avrxmega4\libavr128da48.a(ccp_write.o)

Memory Configuration

Name             Origin             Length             Attributes
text             0x00000000         0x00020000         xr
data             0x00804000         0x00004000         rw !x
eeprom           0x00810000         0x00000200         rw !x
fuse             0x00820000         0x00000010         rw !x
lock             0x00830000         0x00000400         rw !x
signature        0x00840000         0x00000400         rw !x
user_signatures  0x00850000         0x00000400         rw !x
*default*        0x00000000         0xffffffff

Linker script and memory map

Address of section .data set to 0x804000
                0x00008000                __RODATA_PM_OFFSET__ = 0x8000
LOAD C:/Program Files (x86)/Atmel/Studio/7.0/Packs/Atmel/AVR-Dx_DFP/1.0.21/gcc/dev/avr128da48/avrxmega4/crtavr128da48.o
LOAD atmel_start.o
LOAD CLOCK_functions.o
LOAD driver_isr.o
LOAD examples/src/click_example.o
LOAD examples/src/spi_basic_example.o
LOAD main.o
LOAD OLED_functions.o
LOAD src/bod.o
LOAD src/clkctrl.o
LOAD src/cpuint.o
LOAD src/driver_init.o
LOAD src/OLEDC_Click.o
LOAD src/OLEDC_shapeHandler.o
LOAD src/OLEDC_shapes.o
LOAD src/protected_io.o
LOAD src/slpctrl.o
LOAD src/spi_basic.o
START GROUP
LOAD c:/program files (x86)/atmel/studio/7.0/toolchain/avr8/avr8-gnu-toolchain/bin/../lib/gcc/avr/5.4.0/../../../../avr/lib/avrxmega4\libm.a
END GROUP
START GROUP
LOAD c:/program files (x86)/atmel/studio/7.0/toolchain/avr8/avr8-gnu-toolchain/bin/../lib/gcc/avr/5.4.0/avrxmega4\libgcc.a
LOAD c:/program files (x86)/atmel/studio/7.0/toolchain/avr8/avr8-gnu-toolchain/bin/../lib/gcc/avr/5.4.0/../../../../avr/lib/avrxmega4\libm.a
LOAD c:/program files (x86)/atmel/studio/7.0/toolchain/avr8/avr8-gnu-toolchain/bin/../lib/gcc/avr/5.4.0/../../../../avr/lib/avrxmega4\libc.a
LOAD C:/Program Files (x86)/Atmel/Studio/7.0/Packs/Atmel/AVR-Dx_DFP/1.0.21/gcc/dev/avr128da48/avrxmega4\libavr128da48.a
END GROUP
                [0x00000000]                __TEXT_REGION_ORIGIN__ = DEFINED (__TEXT_REGION_ORIGIN__)?__TEXT_REGION_ORIGIN__:0x0
                [0x00804000]                __DATA_REGION_ORIGIN__ = DEFINED (__DATA_REGION_ORIGIN__)?__DATA_REGION_ORIGIN__:0x802000
                [0x00020000]                __TEXT_REGION_LENGTH__ = DEFINED (__TEXT_REGION_LENGTH__)?__TEXT_REGION_LENGTH__:0x100000
                [0x00004000]                __DATA_REGION_LENGTH__ = DEFINED (__DATA_REGION_LENGTH__)?__DATA_REGION_LENGTH__:0xffa0
                [0x00000200]                __EEPROM_REGION_LENGTH__ = DEFINED (__EEPROM_REGION_LENGTH__)?__EEPROM_REGION_LENGTH__:0x10000
                [0x00000010]                __FUSE_REGION_LENGTH__ = DEFINED (__FUSE_REGION_LENGTH__)?__FUSE_REGION_LENGTH__:0x400
                0x00000400                __LOCK_REGION_LENGTH__ = DEFINED (__LOCK_REGION_LENGTH__)?__LOCK_REGION_LENGTH__:0x400
                0x00000400                __SIGNATURE_REGION_LENGTH__ = DEFINED (__SIGNATURE_REGION_LENGTH__)?__SIGNATURE_REGION_LENGTH__:0x400
                0x00000400                __USER_SIGNATURE_REGION_LENGTH__ = DEFINED (__USER_SIGNATURE_REGION_LENGTH__)?__USER_SIGNATURE_REGION_LENGTH__:0x400

.hash
 *(.hash)

.dynsym
 *(.dynsym)

.dynstr
 *(.dynstr)

.gnu.version
 *(.gnu.version)

.gnu.version_d
 *(.gnu.version_d)

.gnu.version_r
 *(.gnu.version_r)

.rel.init
 *(.rel.init)

.rela.init
 *(.rela.init)

.rel.text
 *(.rel.text)
 *(.rel.text.*)
 *(.rel.gnu.linkonce.t*)

.rela.text
 *(.rela.text)
 *(.rela.text.*)
 *(.rela.gnu.linkonce.t*)

.rel.fini
 *(.rel.fini)

.rela.fini
 *(.rela.fini)

.rel.rodata
 *(.rel.rodata)
 *(.rel.rodata.*)
 *(.rel.gnu.linkonce.r*)

.rela.rodata
 *(.rela.rodata)
 *(.rela.rodata.*)
 *(.rela.gnu.linkonce.r*)

.rel.data
 *(.rel.data)
 *(.rel.data.*)
 *(.rel.gnu.linkonce.d*)

.rela.data
 *(.rela.data)
 *(.rela.data.*)
 *(.rela.gnu.linkonce.d*)

.rel.ctors
 *(.rel.ctors)

.rela.ctors
 *(.rela.ctors)

.rel.dtors
 *(.rel.dtors)

.rela.dtors
 *(.rela.dtors)

.rel.got
 *(.rel.got)

.rela.got
 *(.rela.got)

.rel.bss
 *(.rel.bss)

.rela.bss
 *(.rela.bss)

.rel.plt
 *(.rel.plt)

.rela.plt
 *(.rela.plt)

.text           0x00000000     0x110e
 *(.vectors)
 .vectors       0x00000000       0xec C:/Program Files (x86)/Atmel/Studio/7.0/Packs/Atmel/AVR-Dx_DFP/1.0.21/gcc/dev/avr128da48/avrxmega4/crtavr128da48.o
                0x00000000                __vector_default
                0x00000000                __vectors
 *(.vectors)
 *(.progmem.gcc*)
                0x000000ec                . = ALIGN (0x2)
                0x000000ec                __trampolines_start = .
 *(.trampolines)
 .trampolines   0x000000ec        0x0 linker stubs
 *(.trampolines*)
                0x000000ec                __trampolines_end = .
 *libprintf_flt.a:*(.progmem.data)
 *libc.a:*(.progmem.data)
 *(.progmem*)
                0x000000ec                . = ALIGN (0x2)
 *(.jumptables)
 *(.jumptables*)
 *(.lowtext)
 *(.lowtext*)
                0x000000ec                __ctors_start = .
 *(.ctors)
                0x000000ec                __ctors_end = .
                0x000000ec                __dtors_start = .
 *(.dtors)
                0x000000ec                __dtors_end = .
 SORT(*)(.ctors)
 SORT(*)(.dtors)
 *(.init0)
 .init0         0x000000ec        0x0 C:/Program Files (x86)/Atmel/Studio/7.0/Packs/Atmel/AVR-Dx_DFP/1.0.21/gcc/dev/avr128da48/avrxmega4/crtavr128da48.o
                0x000000ec                __init
 *(.init0)
 *(.init1)
 *(.init1)
 *(.init2)
 .init2         0x000000ec        0xc C:/Program Files (x86)/Atmel/Studio/7.0/Packs/Atmel/AVR-Dx_DFP/1.0.21/gcc/dev/avr128da48/avrxmega4/crtavr128da48.o
 *(.init2)
 *(.init3)
 *(.init3)
 *(.init4)
 .init4         0x000000f8       0x1a c:/program files (x86)/atmel/studio/7.0/toolchain/avr8/avr8-gnu-toolchain/bin/../lib/gcc/avr/5.4.0/avrxmega4\libgcc.a(_copy_data.o)
                0x000000f8                __do_copy_data
 .init4         0x00000112       0x10 c:/program files (x86)/atmel/studio/7.0/toolchain/avr8/avr8-gnu-toolchain/bin/../lib/gcc/avr/5.4.0/avrxmega4\libgcc.a(_clear_bss.o)
                0x00000112                __do_clear_bss
 *(.init4)
 *(.init5)
 *(.init5)
 *(.init6)
 *(.init6)
 *(.init7)
 *(.init7)
 *(.init8)
 *(.init8)
 *(.init9)
 .init9         0x00000122        0x8 C:/Program Files (x86)/Atmel/Studio/7.0/Packs/Atmel/AVR-Dx_DFP/1.0.21/gcc/dev/avr128da48/avrxmega4/crtavr128da48.o
 *(.init9)
 *(.text)
 .text          0x0000012a        0x4 C:/Program Files (x86)/Atmel/Studio/7.0/Packs/Atmel/AVR-Dx_DFP/1.0.21/gcc/dev/avr128da48/avrxmega4/crtavr128da48.o
                0x0000012a                __vector_38
                0x0000012a                __vector_22
                0x0000012a                __vector_28
                0x0000012a                __vector_1
                0x0000012a                __vector_32
                0x0000012a                __vector_34
                0x0000012a                __vector_24
                0x0000012a                __vector_12
                0x0000012a                __vector_55
                0x0000012a                __vector_46
                0x0000012a                __bad_interrupt
                0x0000012a                __vector_6
                0x0000012a                __vector_31
                0x0000012a                __vector_35
                0x0000012a                __vector_39
                0x0000012a                __vector_23
                0x0000012a                __vector_30
                0x0000012a                __vector_45
                0x0000012a                __vector_25
                0x0000012a                __vector_11
                0x0000012a                __vector_54
                0x0000012a                __vector_13
                0x0000012a                __vector_17
                0x0000012a                __vector_19
                0x0000012a                __vector_56
                0x0000012a                __vector_7
                0x0000012a                __vector_49
                0x0000012a                __vector_41
                0x0000012a                __vector_43
                0x0000012a                __vector_27
                0x0000012a                __vector_5
                0x0000012a                __vector_33
                0x0000012a                __vector_47
                0x0000012a                __vector_52
                0x0000012a                __vector_37
                0x0000012a                __vector_4
                0x0000012a                __vector_44
                0x0000012a                __vector_51
                0x0000012a                __vector_9
                0x0000012a                __vector_2
                0x0000012a                __vector_21
                0x0000012a                __vector_15
                0x0000012a                __vector_36
                0x0000012a                __vector_58
                0x0000012a                __vector_29
                0x0000012a                __vector_40
                0x0000012a                __vector_8
                0x0000012a                __vector_26
                0x0000012a                __vector_48
                0x0000012a                __vector_14
                0x0000012a                __vector_57
                0x0000012a                __vector_53
                0x0000012a                __vector_10
                0x0000012a                __vector_50
                0x0000012a                __vector_16
                0x0000012a                __vector_18
                0x0000012a                __vector_20
                0x0000012a                __vector_42
                0x0000012e                . = ALIGN (0x2)
 *(.text.*)
 .text.atmel_start_init
                0x0000012e        0x6 atmel_start.o
                0x0000012e                atmel_start_init
 .text.CLOCK_updateTime
                0x00000134       0x4e CLOCK_functions.o
                0x00000134                CLOCK_updateTime
 .text.CLOCK_updateSelectedUnit
                0x00000182       0x62 CLOCK_functions.o
                0x00000182                CLOCK_updateSelectedUnit
 .text.CLOCK_updateSelection
                0x000001e4       0x2e CLOCK_functions.o
                0x000001e4                CLOCK_updateSelection
 .text.OSCSetup
                0x00000212        0xe main.o
                0x00000212                OSCSetup
 .text.buttonInit
                0x00000220        0xe main.o
                0x00000220                buttonInit
 .text.RTCInit  0x0000022e       0x16 main.o
                0x0000022e                RTCInit
 .text.main     0x00000244       0xac main.o
                0x00000244                main
 .text.__vector_3
                0x000002f0       0x22 main.o
                0x000002f0                __vector_3
 .text.OLED_displayTime
                0x00000312      0x19e OLED_functions.o
                0x00000312                OLED_displayTime
 .text.OLED_clearScreen
                0x000004b0       0x36 OLED_functions.o
                0x000004b0                OLED_clearScreen
 .text.OLED_displaySelection
                0x000004e6       0x94 OLED_functions.o
                0x000004e6                OLED_displaySelection
 .text.OLED_displayInit
                0x0000057a       0x66 OLED_functions.o
                0x0000057a                OLED_displayInit
 .text.BOD_init
                0x000005e0        0x8 src/bod.o
                0x000005e0                BOD_init
 .text.CLKCTRL_init
                0x000005e8        0x4 src/clkctrl.o
                0x000005e8                CLKCTRL_init
 .text.CPUINT_init
                0x000005ec        0x4 src/cpuint.o
                0x000005ec                CPUINT_init
 .text.mcu_init
                0x000005f0       0x80 src/driver_init.o
                0x000005f0                mcu_init
 .text.SPI_MASTER_initialization
                0x00000670       0x1a src/driver_init.o
                0x00000670                SPI_MASTER_initialization
 .text.system_init
                0x0000068a       0x2e src/driver_init.o
                0x0000068a                system_init
 .text.exchangeTwoBytes
                0x000006b8       0x38 src/OLEDC_Click.o
 .text.oledC_sendCommand
                0x000006f0       0x5e src/OLEDC_Click.o
                0x000006f0                oledC_sendCommand
 .text.oledC_setRowAddressBounds
                0x0000074e       0x32 src/OLEDC_Click.o
                0x0000074e                oledC_setRowAddressBounds
 .text.oledC_setColumnAddressBounds
                0x00000780       0x36 src/OLEDC_Click.o
                0x00000780                oledC_setColumnAddressBounds
 .text.oledC_setSleepMode
                0x000007b6       0x16 src/OLEDC_Click.o
                0x000007b6                oledC_setSleepMode
 .text.oledC_setDisplayOrientation
                0x000007cc       0x36 src/OLEDC_Click.o
                0x000007cc                oledC_setDisplayOrientation
 .text.oledC_startWritingDisplay
                0x00000802       0x12 src/OLEDC_Click.o
                0x00000802                oledC_startWritingDisplay
 .text.oledC_sendColorInt
                0x00000814       0x2a src/OLEDC_Click.o
                0x00000814                oledC_sendColorInt
 .text.oledC_setup
                0x0000083e       0x4e src/OLEDC_Click.o
                0x0000083e                oledC_setup
 .text.oledC_DrawRectangle
                0x0000088c       0x8e src/OLEDC_shapes.o
                0x0000088c                oledC_DrawRectangle
 .text.oledC_DrawCharacter
                0x0000091a      0x134 src/OLEDC_shapes.o
                0x0000091a                oledC_DrawCharacter
 .text.oledC_DrawString
                0x00000a4e       0x74 src/OLEDC_shapes.o
                0x00000a4e                oledC_DrawString
 .text.SLPCTRL_init
                0x00000ac2        0x4 src/slpctrl.o
                0x00000ac2                SLPCTRL_init
 .text.SPI_MASTER_init
                0x00000ac6        0xc src/spi_basic.o
                0x00000ac6                SPI_MASTER_init
 .text.SPI_MASTER_open
                0x00000ad2       0x30 src/spi_basic.o
                0x00000ad2                SPI_MASTER_open
 .text.SPI_MASTER_close
                0x00000b02        0x6 src/spi_basic.o
                0x00000b02                SPI_MASTER_close
 .text.SPI_MASTER_exchange_byte
                0x00000b08       0x1c src/spi_basic.o
                0x00000b08                SPI_MASTER_exchange_byte
 .text.SPI_MASTER_write_block
                0x00000b24       0x20 src/spi_basic.o
                0x00000b24                SPI_MASTER_write_block
 .text.avr-libc
                0x00000b44       0x52 c:/program files (x86)/atmel/studio/7.0/toolchain/avr8/avr8-gnu-toolchain/bin/../lib/gcc/avr/5.4.0/../../../../avr/lib/avrxmega4\libc.a(sprintf.o)
                0x00000b44                sprintf
 .text.avr-libc
                0x00000b96      0x408 c:/program files (x86)/atmel/studio/7.0/toolchain/avr8/avr8-gnu-toolchain/bin/../lib/gcc/avr/5.4.0/../../../../avr/lib/avrxmega4\libc.a(vfprintf_std.o)
                0x00000b96                vfprintf
 .text.avr-libc
                0x00000f9e       0x16 c:/program files (x86)/atmel/studio/7.0/toolchain/avr8/avr8-gnu-toolchain/bin/../lib/gcc/avr/5.4.0/../../../../avr/lib/avrxmega4\libc.a(strnlen_P.o)
                0x00000f9e                strnlen_P
 .text.avr-libc
                0x00000fb4       0x16 c:/program files (x86)/atmel/studio/7.0/toolchain/avr8/avr8-gnu-toolchain/bin/../lib/gcc/avr/5.4.0/../../../../avr/lib/avrxmega4\libc.a(strnlen.o)
                0x00000fb4                strnlen
 .text.avr-libc
                0x00000fca       0x78 c:/program files (x86)/atmel/studio/7.0/toolchain/avr8/avr8-gnu-toolchain/bin/../lib/gcc/avr/5.4.0/../../../../avr/lib/avrxmega4\libc.a(fputc.o)
                0x00000fca                fputc
 .text.avr-libc
                0x00001042       0xbc c:/program files (x86)/atmel/studio/7.0/toolchain/avr8/avr8-gnu-toolchain/bin/../lib/gcc/avr/5.4.0/../../../../avr/lib/avrxmega4\libc.a(ultoa_invert.o)
                0x00001042                __ultoa_invert
 .text.avr-libc
                0x000010fe        0xc C:/Program Files (x86)/Atmel/Studio/7.0/Packs/Atmel/AVR-Dx_DFP/1.0.21/gcc/dev/avr128da48/avrxmega4\libavr128da48.a(ccp_write.o)
                0x000010fe                ccp_write_io
                0x0000110a                . = ALIGN (0x2)
 *(.fini9)
 .fini9         0x0000110a        0x0 c:/program files (x86)/atmel/studio/7.0/toolchain/avr8/avr8-gnu-toolchain/bin/../lib/gcc/avr/5.4.0/avrxmega4\libgcc.a(_exit.o)
                0x0000110a                _exit
                0x0000110a                exit
 *(.fini9)
 *(.fini8)
 *(.fini8)
 *(.fini7)
 *(.fini7)
 *(.fini6)
 *(.fini6)
 *(.fini5)
 *(.fini5)
 *(.fini4)
 *(.fini4)
 *(.fini3)
 *(.fini3)
 *(.fini2)
 *(.fini2)
 *(.fini1)
 *(.fini1)
 *(.fini0)
 .fini0         0x0000110a        0x4 c:/program files (x86)/atmel/studio/7.0/toolchain/avr8/avr8-gnu-toolchain/bin/../lib/gcc/avr/5.4.0/avrxmega4\libgcc.a(_exit.o)
 *(.fini0)
                0x0000110e                _etext = .

.data           0x00804000      0x22a load address 0x0000110e
                0x00804000                PROVIDE (__data_start, .)
 *(.data)
 *(.data*)
 .data.old_button_state.5222
                0x00804000        0x1 main.o
 .data.SPI_MASTER_configurations
                0x00804001        0x2 src/spi_basic.o
                0x00804001                SPI_MASTER_configurations
 *(.gnu.linkonce.d*)
 *(.rodata)
 *(.rodata*)
 .rodata.str1.1
                0x00804003       0x4c OLED_functions.o
                                 0x74 (size before relaxing)
 .rodata.font   0x0080404f      0x1db src/OLEDC_shapes.o
 *(.gnu.linkonce.r*)
                0x0080422a                . = ALIGN (0x2)
                0x0080422a                _edata = .
                0x0080422a                PROVIDE (__data_end, .)

.bss            0x0080422a        0xa
                0x0080422a                PROVIDE (__bss_start, .)
 *(.bss)
 *(.bss*)
 .bss.selection
                0x0080422a        0x1 CLOCK_functions.o
                0x0080422a                selection
 .bss.hour      0x0080422b        0x1 CLOCK_functions.o
                0x0080422b                hour
 .bss.min       0x0080422c        0x1 CLOCK_functions.o
                0x0080422c                min
 .bss.sec       0x0080422d        0x1 CLOCK_functions.o
                0x0080422d                sec
 .bss.button_state
                0x0080422e        0x1 main.o
                0x0080422e                button_state
 .bss.second_passed
                0x0080422f        0x1 main.o
                0x0080422f                second_passed
 .bss.streamingMode
                0x00804230        0x1 src/OLEDC_Click.o
 .bss.SPI_MASTER_desc
                0x00804231        0x1 src/spi_basic.o
 *(COMMON)
 COMMON         0x00804232        0x2 OLED_functions.o
                0x00804232                background_color
                0x00804234                PROVIDE (__bss_end, .)
                0x0000110e                __data_load_start = LOADADDR (.data)
                0x00001338                __data_load_end = (__data_load_start + SIZEOF (.data))

.noinit         0x00804234        0x0
                [!provide]                PROVIDE (__noinit_start, .)
 *(.noinit*)
                [!provide]                PROVIDE (__noinit_end, .)
                0x00804234                _end = .
                [!provide]                PROVIDE (__heap_start, .)

.eeprom         0x00810000        0x0
 *(.eeprom*)
                0x00810000                __eeprom_end = .

.fuse
 *(.fuse)
 *(.lfuse)
 *(.hfuse)
 *(.efuse)

.lock
 *(.lock*)

.signature
 *(.signature*)

.user_signatures
 *(.user_signatures*)

.stab
 *(.stab)

.stabstr
 *(.stabstr)

.stab.excl
 *(.stab.excl)

.stab.exclstr
 *(.stab.exclstr)

.stab.index
 *(.stab.index)

.stab.indexstr
 *(.stab.indexstr)

.comment        0x00000000       0x5c
 *(.comment)
 .comment       0x00000000       0x30 atmel_start.o
                                 0x31 (size before relaxing)
 .comment       0x00000030       0x31 CLOCK_functions.o
 .comment       0x00000030       0x31 main.o
 .comment       0x00000030       0x31 OLED_functions.o
 .comment       0x00000030       0x31 src/bod.o
 .comment       0x00000030       0x31 src/clkctrl.o
 .comment       0x00000030       0x31 src/cpuint.o
 .comment       0x00000030       0x31 src/driver_init.o
 .comment       0x00000030       0x31 src/OLEDC_Click.o
 .comment       0x00000030       0x31 src/OLEDC_shapes.o
 .comment       0x00000030       0x31 src/slpctrl.o
 .comment       0x00000030       0x31 src/spi_basic.o
 .comment       0x00000030       0x31 c:/program files (x86)/atmel/studio/7.0/toolchain/avr8/avr8-gnu-toolchain/bin/../lib/gcc/avr/5.4.0/../../../../avr/lib/avrxmega4\libc.a(sprintf.o)
 .comment       0x00000030       0x2c c:/program files (x86)/atmel/studio/7.0/toolchain/avr8/avr8-gnu-toolchain/bin/../lib/gcc/avr/5.4.0/../../../../avr/lib/avrxmega4\libc.a(vfprintf_std.o)
                                 0x2d (size before relaxing)
 .comment       0x0000005c       0x31 c:/program files (x86)/atmel/studio/7.0/toolchain/avr8/avr8-gnu-toolchain/bin/../lib/gcc/avr/5.4.0/../../../../avr/lib/avrxmega4\libc.a(fputc.o)

.note.gnu.avr.deviceinfo
                0x00000000       0x40
 .note.gnu.avr.deviceinfo
                0x00000000       0x40 C:/Program Files (x86)/Atmel/Studio/7.0/Packs/Atmel/AVR-Dx_DFP/1.0.21/gcc/dev/avr128da48/avrxmega4/crtavr128da48.o

.note.gnu.build-id
 *(.note.gnu.build-id)

.debug
 *(.debug)

.line
 *(.line)

.debug_srcinfo
 *(.debug_srcinfo)

.debug_sfnames
 *(.debug_sfnames)

.debug_aranges  0x00000000      0x348
 *(.debug_aranges)
 .debug_aranges
                0x00000000       0x20 atmel_start.o
 .debug_aranges
                0x00000020       0x30 CLOCK_functions.o
 .debug_aranges
                0x00000050       0x40 main.o
 .debug_aranges
                0x00000090       0x40 OLED_functions.o
 .debug_aranges
                0x000000d0       0x20 src/bod.o
 .debug_aranges
                0x000000f0       0x20 src/clkctrl.o
 .debug_aranges
                0x00000110       0x20 src/cpuint.o
 .debug_aranges
                0x00000130       0x30 src/driver_init.o
 .debug_aranges
                0x00000160       0x98 src/OLEDC_Click.o
 .debug_aranges
                0x000001f8       0xa8 src/OLEDC_shapes.o
 .debug_aranges
                0x000002a0       0x28 src/slpctrl.o
 .debug_aranges
                0x000002c8       0x60 src/spi_basic.o
 .debug_aranges
                0x00000328       0x20 C:/Program Files (x86)/Atmel/Studio/7.0/Packs/Atmel/AVR-Dx_DFP/1.0.21/gcc/dev/avr128da48/avrxmega4\libavr128da48.a(ccp_write.o)

.debug_pubnames
 *(.debug_pubnames)

.debug_info     0x00000000     0x7d8e
 *(.debug_info .gnu.linkonce.wi.*)
 .debug_info    0x00000000     0x2e84 C:/Program Files (x86)/Atmel/Studio/7.0/Packs/Atmel/AVR-Dx_DFP/1.0.21/gcc/dev/avr128da48/avrxmega4/crtavr128da48.o
 .debug_info    0x00002e84       0x9a atmel_start.o
 .debug_info    0x00002f1e      0x17b CLOCK_functions.o
 .debug_info    0x00003099      0xab9 main.o
 .debug_info    0x00003b52      0xe80 OLED_functions.o
 .debug_info    0x000049d2      0x188 src/bod.o
 .debug_info    0x00004b5a       0x8d src/clkctrl.o
 .debug_info    0x00004be7       0x8d src/cpuint.o
 .debug_info    0x00004c74      0xaf7 src/driver_init.o
 .debug_info    0x0000576b      0xed2 src/OLEDC_Click.o
 .debug_info    0x0000663d     0x11ad src/OLEDC_shapes.o
 .debug_info    0x000077ea      0x136 src/slpctrl.o
 .debug_info    0x00007920      0x3cf src/spi_basic.o
 .debug_info    0x00007cef       0x9f C:/Program Files (x86)/Atmel/Studio/7.0/Packs/Atmel/AVR-Dx_DFP/1.0.21/gcc/dev/avr128da48/avrxmega4\libavr128da48.a(ccp_write.o)

.debug_abbrev   0x00000000     0x3c38
 *(.debug_abbrev)
 .debug_abbrev  0x00000000     0x2c0e C:/Program Files (x86)/Atmel/Studio/7.0/Packs/Atmel/AVR-Dx_DFP/1.0.21/gcc/dev/avr128da48/avrxmega4/crtavr128da48.o
 .debug_abbrev  0x00002c0e       0x63 atmel_start.o
 .debug_abbrev  0x00002c71       0xaa CLOCK_functions.o
 .debug_abbrev  0x00002d1b      0x2b8 main.o
 .debug_abbrev  0x00002fd3      0x184 OLED_functions.o
 .debug_abbrev  0x00003157       0xaf src/bod.o
 .debug_abbrev  0x00003206       0x51 src/clkctrl.o
 .debug_abbrev  0x00003257       0x51 src/cpuint.o
 .debug_abbrev  0x000032a8      0x1c3 src/driver_init.o
 .debug_abbrev  0x0000346b      0x2cd src/OLEDC_Click.o
 .debug_abbrev  0x00003738      0x294 src/OLEDC_shapes.o
 .debug_abbrev  0x000039cc       0xc4 src/slpctrl.o
 .debug_abbrev  0x00003a90      0x194 src/spi_basic.o
 .debug_abbrev  0x00003c24       0x14 C:/Program Files (x86)/Atmel/Studio/7.0/Packs/Atmel/AVR-Dx_DFP/1.0.21/gcc/dev/avr128da48/avrxmega4\libavr128da48.a(ccp_write.o)

.debug_line     0x00000000     0x1e84
 *(.debug_line .debug_line.* .debug_line_end)
 .debug_line    0x00000000      0x1f9 C:/Program Files (x86)/Atmel/Studio/7.0/Packs/Atmel/AVR-Dx_DFP/1.0.21/gcc/dev/avr128da48/avrxmega4/crtavr128da48.o
 .debug_line    0x000001f9       0x60 atmel_start.o
 .debug_line    0x00000259      0x1c8 CLOCK_functions.o
 .debug_line    0x00000421      0x30c main.o
 .debug_line    0x0000072d      0x24f OLED_functions.o
 .debug_line    0x0000097c      0x10c src/bod.o
 .debug_line    0x00000a88       0xa6 src/clkctrl.o
 .debug_line    0x00000b2e       0xa5 src/cpuint.o
 .debug_line    0x00000bd3      0x2d3 src/driver_init.o
 .debug_line    0x00000ea6      0x4c2 src/OLEDC_Click.o
 .debug_line    0x00001368      0x70e src/OLEDC_shapes.o
 .debug_line    0x00001a76      0x120 src/slpctrl.o
 .debug_line    0x00001b96      0x287 src/spi_basic.o
 .debug_line    0x00001e1d       0x67 C:/Program Files (x86)/Atmel/Studio/7.0/Packs/Atmel/AVR-Dx_DFP/1.0.21/gcc/dev/avr128da48/avrxmega4\libavr128da48.a(ccp_write.o)

.debug_frame    0x00000000      0x8dc
 *(.debug_frame)
 .debug_frame   0x00000000       0x24 atmel_start.o
 .debug_frame   0x00000024       0x44 CLOCK_functions.o
 .debug_frame   0x00000068       0x74 main.o
 .debug_frame   0x000000dc       0xdc OLED_functions.o
 .debug_frame   0x000001b8       0x24 src/bod.o
 .debug_frame   0x000001dc       0x24 src/clkctrl.o
 .debug_frame   0x00000200       0x24 src/cpuint.o
 .debug_frame   0x00000224       0x44 src/driver_init.o
 .debug_frame   0x00000268      0x170 src/OLEDC_Click.o
 .debug_frame   0x000003d8      0x42c src/OLEDC_shapes.o
 .debug_frame   0x00000804       0x34 src/slpctrl.o
 .debug_frame   0x00000838       0xa4 src/spi_basic.o

.debug_str      0x00000000     0x3746
 *(.debug_str)
 .debug_str     0x00000000     0x1434 C:/Program Files (x86)/Atmel/Studio/7.0/Packs/Atmel/AVR-Dx_DFP/1.0.21/gcc/dev/avr128da48/avrxmega4/crtavr128da48.o
 .debug_str     0x00001434      0x19b atmel_start.o
                                0x1cf (size before relaxing)
 .debug_str     0x000015cf       0xdf CLOCK_functions.o
                                0x27a (size before relaxing)
 .debug_str     0x000016ae      0x4fd main.o
                                0x756 (size before relaxing)
 .debug_str     0x00001bab      0xd6c OLED_functions.o
                                0xfb9 (size before relaxing)
 .debug_str     0x00002917       0x7e src/bod.o
                                0x272 (size before relaxing)
 .debug_str     0x00002995       0x1e src/clkctrl.o
                                0x1c4 (size before relaxing)
 .debug_str     0x000029b3       0x1c src/cpuint.o
                                0x1c2 (size before relaxing)
 .debug_str     0x000029cf      0x1ad src/driver_init.o
                                0x4f8 (size before relaxing)
 .debug_str     0x00002b7c      0x584 src/OLEDC_Click.o
                                0x88e (size before relaxing)
 .debug_str     0x00003100      0x364 src/OLEDC_shapes.o
                                0x5bd (size before relaxing)
 .debug_str     0x00003464       0xb9 src/slpctrl.o
                                0x286 (size before relaxing)
 .debug_str     0x0000351d      0x229 src/spi_basic.o
                                0x490 (size before relaxing)

.debug_loc      0x00000000     0x2f10
 *(.debug_loc)
 .debug_loc     0x00000000      0x235 main.o
 .debug_loc     0x00000235      0x6d5 OLED_functions.o
 .debug_loc     0x0000090a      0x310 src/driver_init.o
 .debug_loc     0x00000c1a      0x951 src/OLEDC_Click.o
 .debug_loc     0x0000156b     0x17c9 src/OLEDC_shapes.o
 .debug_loc     0x00002d34       0x21 src/slpctrl.o
 .debug_loc     0x00002d55      0x1bb src/spi_basic.o

.debug_macinfo
 *(.debug_macinfo)

.debug_weaknames
 *(.debug_weaknames)

.debug_funcnames
 *(.debug_funcnames)

.debug_typenames
 *(.debug_typenames)

.debug_varnames
 *(.debug_varnames)

.debug_pubtypes
 *(.debug_pubtypes)

.debug_ranges   0x00000000      0x288
 *(.debug_ranges)
 .debug_ranges  0x00000000       0x10 atmel_start.o
 .debug_ranges  0x00000010       0x20 CLOCK_functions.o
 .debug_ranges  0x00000030       0x30 main.o
 .debug_ranges  0x00000060       0x30 OLED_functions.o
 .debug_ranges  0x00000090       0x10 src/bod.o
 .debug_ranges  0x000000a0       0x10 src/clkctrl.o
 .debug_ranges  0x000000b0       0x10 src/cpuint.o
 .debug_ranges  0x000000c0       0x20 src/driver_init.o
 .debug_ranges  0x000000e0       0x88 src/OLEDC_Click.o
 .debug_ranges  0x00000168       0xb8 src/OLEDC_shapes.o
 .debug_ranges  0x00000220       0x18 src/slpctrl.o
 .debug_ranges  0x00000238       0x50 src/spi_basic.o

.debug_macro
 *(.debug_macro)
OUTPUT(avr128da48-cnano-rtc-oled-bare.elf elf32-avr)
LOAD linker stubs
